// Jest Snapshot v1, https://goo.gl/fbAQLP

exports[`Check if Navbar renders correctly 1`] = `
<nav
  style={
    Object {
      "alignItems": "center",
      "borderBottom": "1px solid #dee2e6",
      "display": "flex",
      "justifyContent": "space-between",
      "margin": "0 5vw",
      "padding": "2vw 0",
    }
  }
>
  <div
    id="logo"
    style={
      Object {
        "alignItems": "center",
        "display": "flex",
        "gap": "3vw",
      }
    }
  >
    <span
      id="logo-img"
    />
    <h1
      id="logo-text"
    >
      Space Travelersâ€™ Hub
    </h1>
  </div>
  <ul
    style={
      Object {
        "display": "flex",
        "gap": "2vw",
        "listStyle": "none",
        "padding": "0",
      }
    }
  >
    <li>
      <a
        aria-current="page"
        className="active"
        href="/"
        onClick={[Function]}
        style={
          Object {
            "color": "var(--linkColor)",
            "textDecoration": "underline",
          }
        }
      >
        Rockets
      </a>
    </li>
    <li>
      <a
        className=""
        href="/Missions"
        onClick={[Function]}
        style={
          Object {
            "color": "var(--linkColor)",
            "textDecoration": "none",
          }
        }
      >
        Missions
      </a>
    </li>
    <li>
      <a
        className=""
        href="/Profile"
        onClick={[Function]}
        style={
          Object {
            "borderLeft": "1px solid silver",
            "color": "var(--linkColor)",
            "paddingLeft": "20px",
            "textDecoration": "none",
          }
        }
      >
        My Profile
      </a>
    </li>
  </ul>
</nav>
`;
