// Jest Snapshot v1, https://goo.gl/fbAQLP

exports[`Snap shot tests for Rocket Test snapshot match 1`] = `
Array [
  <div
    className="rocket-container align-items-center mt-md-3 row"
    data-testid="rocket"
  >
    <div
      className="col-lg-3 col-md-4 col-sm-5"
    >
      <img
        alt="Falcon 1"
        src="https://imgur.com/DaCfMsj.jpg"
        width="100%"
      />
    </div>
    <div
      className="rocket-description col"
    >
      <h3
        className="text-capitalize"
      >
        Falcon 1
      </h3>
      <p>
        The Falcon 1 was an expendable launch system privately developed and manufactured by SpaceX during 2006-2009. On 28 September 2008, Falcon 1 became the first privately-developed liquid-fuel launch vehicle to go into orbit around the Earth.
      </p>
      <button
        className="not-reserved text-capitalize btn btn-primary"
        data-id={1}
        data-reserved={1}
        disabled={false}
        id={1}
        onClick={[Function]}
        type="button"
      >
        reserve rocket
      </button>
    </div>
  </div>,
  <div
    className="rocket-container align-items-center mt-md-3 row"
    data-testid="rocket"
  >
    <div
      className="col-lg-3 col-md-4 col-sm-5"
    >
      <img
        alt="Falcon 9"
        src="https://farm1.staticflickr.com/929/28787338307_3453a11a77_b.jpg"
        width="100%"
      />
    </div>
    <div
      className="rocket-description col"
    >
      <h3
        className="text-capitalize"
      >
        Falcon 9
      </h3>
      <p>
        Falcon 9 is a two-stage rocket designed and manufactured by SpaceX for the reliable and safe transport of satellites and the Dragon spacecraft into orbit.
      </p>
      <button
        className="not-reserved text-capitalize btn btn-primary"
        data-id={2}
        data-reserved={1}
        disabled={false}
        id={2}
        onClick={[Function]}
        type="button"
      >
        reserve rocket
      </button>
    </div>
  </div>,
  <div
    className="rocket-container align-items-center mt-md-3 row"
    data-testid="rocket"
  >
    <div
      className="col-lg-3 col-md-4 col-sm-5"
    >
      <img
        alt="Falcon Heavy"
        src="https://farm5.staticflickr.com/4599/38583829295_581f34dd84_b.jpg"
        width="100%"
      />
    </div>
    <div
      className="rocket-description col"
    >
      <h3
        className="text-capitalize"
      >
        Falcon Heavy
      </h3>
      <p>
        With the ability to lift into orbit over 54 metric tons (119,000 lb)--a mass equivalent to a 737 jetliner loaded with passengers, crew, luggage and fuel--Falcon Heavy can lift more than twice the payload of the next closest operational vehicle, the Delta IV Heavy, at one-third the cost.
      </p>
      <button
        className="not-reserved text-capitalize btn btn-primary"
        data-id={3}
        data-reserved={1}
        disabled={false}
        id={3}
        onClick={[Function]}
        type="button"
      >
        reserve rocket
      </button>
    </div>
  </div>,
  <div
    className="rocket-container align-items-center mt-md-3 row"
    data-testid="rocket"
  >
    <div
      className="col-lg-3 col-md-4 col-sm-5"
    >
      <img
        alt="Starship"
        src="https://live.staticflickr.com/65535/48954138962_ee541e6755_b.jpg"
        width="100%"
      />
    </div>
    <div
      className="rocket-description col"
    >
      <h3
        className="text-capitalize"
      >
        Starship
      </h3>
      <p>
        Starship and Super Heavy Rocket represent a fully reusable transportation system designed to service all Earth orbit needs as well as the Moon and Mars. This two-stage vehicle — composed of the Super Heavy rocket (booster) and Starship (ship) — will eventually replace Falcon 9, Falcon Heavy and Dragon.
      </p>
      <button
        className="not-reserved text-capitalize btn btn-primary"
        data-id={4}
        data-reserved={1}
        disabled={false}
        id={4}
        onClick={[Function]}
        type="button"
      >
        reserve rocket
      </button>
    </div>
  </div>,
]
`;
